Compiling the C compiler identification source file "CMakeCCompilerId.c" failed.
Compiler: /usr/bin/clang-cl-12 
Build flags: 
Id flags:  

The output was:
1
/usr/bin/ld: Error: unable to disambiguate: -nologo (did you mean --nologo ?)
clang: error: linker command failed with exit code 1 (use -v to see invocation)


Compiling the CXX compiler identification source file "CMakeCXXCompilerId.cpp" failed.
Compiler: /usr/bin/clang-cl-12 
Build flags: 
Id flags:  

The output was:
1
/usr/bin/ld: Error: unable to disambiguate: -nologo (did you mean --nologo ?)
clang: error: linker command failed with exit code 1 (use -v to see invocation)


Detecting C compiler ABI info failed to compile with the following output:
Change Dir: /home/csteudin/code/github-repos/CUB3D-42/build/CMakeFiles/CMakeTmp

Run Build Command(s):/usr/bin/gmake -f Makefile cmTC_a8b0a/fast && /usr/bin/gmake  -f CMakeFiles/cmTC_a8b0a.dir/build.make CMakeFiles/cmTC_a8b0a.dir/build
gmake[1]: Entering directory '/home/csteudin/code/github-repos/CUB3D-42/build/CMakeFiles/CMakeTmp'
Building C object CMakeFiles/cmTC_a8b0a.dir/CMakeCCompilerABI.c.o
/usr/bin/clang-cl-12    -o CMakeFiles/cmTC_a8b0a.dir/CMakeCCompilerABI.c.o -c /usr/share/cmake-3.22/Modules/CMakeCCompilerABI.c
Linking C executable cmTC_a8b0a
/usr/bin/cmake -E cmake_link_script CMakeFiles/cmTC_a8b0a.dir/link.txt --verbose=1
/usr/bin/clang-cl-12 CMakeFiles/cmTC_a8b0a.dir/CMakeCCompilerABI.c.o -o cmTC_a8b0a 
/usr/bin/ld: Error: unable to disambiguate: -nologo (did you mean --nologo ?)
clang: error: linker command failed with exit code 1 (use -v to see invocation)
gmake[1]: *** [CMakeFiles/cmTC_a8b0a.dir/build.make:99: cmTC_a8b0a] Error 1
gmake[1]: Leaving directory '/home/csteudin/code/github-repos/CUB3D-42/build/CMakeFiles/CMakeTmp'
gmake: *** [Makefile:127: cmTC_a8b0a/fast] Error 2




Determining if the C compiler works failed with the following output:
Change Dir: /home/csteudin/code/github-repos/CUB3D-42/build/CMakeFiles/CMakeTmp

Run Build Command(s):/usr/bin/gmake -f Makefile cmTC_88a3b/fast && /usr/bin/gmake  -f CMakeFiles/cmTC_88a3b.dir/build.make CMakeFiles/cmTC_88a3b.dir/build
gmake[1]: Entering directory '/home/csteudin/code/github-repos/CUB3D-42/build/CMakeFiles/CMakeTmp'
Building C object CMakeFiles/cmTC_88a3b.dir/testCCompiler.c.o
/usr/bin/clang-cl-12    -o CMakeFiles/cmTC_88a3b.dir/testCCompiler.c.o -c /home/csteudin/code/github-repos/CUB3D-42/build/CMakeFiles/CMakeTmp/testCCompiler.c
Linking C executable cmTC_88a3b
/usr/bin/cmake -E cmake_link_script CMakeFiles/cmTC_88a3b.dir/link.txt --verbose=1
/usr/bin/clang-cl-12 CMakeFiles/cmTC_88a3b.dir/testCCompiler.c.o -o cmTC_88a3b 
/usr/bin/ld: Error: unable to disambiguate: -nologo (did you mean --nologo ?)
clang: error: linker command failed with exit code 1 (use -v to see invocation)
gmake[1]: *** [CMakeFiles/cmTC_88a3b.dir/build.make:99: cmTC_88a3b] Error 1
gmake[1]: Leaving directory '/home/csteudin/code/github-repos/CUB3D-42/build/CMakeFiles/CMakeTmp'
gmake: *** [Makefile:127: cmTC_88a3b/fast] Error 2



Compiling the C compiler identification source file "CMakeCCompilerId.c" failed.
Compiler: /usr/bin/clang-cl-12 
Build flags: 
Id flags:  

The output was:
1
/usr/bin/ld: Error: unable to disambiguate: -nologo (did you mean --nologo ?)
clang: error: linker command failed with exit code 1 (use -v to see invocation)


Compiling the CXX compiler identification source file "CMakeCXXCompilerId.cpp" failed.
Compiler: /usr/bin/clang-cl-12 
Build flags: 
Id flags:  

The output was:
1
/usr/bin/ld: Error: unable to disambiguate: -nologo (did you mean --nologo ?)
clang: error: linker command failed with exit code 1 (use -v to see invocation)


Compiling the CXX compiler identification source file "CMakeCXXCompilerId.cpp" failed.
Compiler: /usr/bin/clang-cl-12 
Build flags: 
Id flags:  

The output was:
1
/usr/bin/ld: Error: unable to disambiguate: -nologo (did you mean --nologo ?)
clang: error: linker command failed with exit code 1 (use -v to see invocation)


Detecting CXX compiler ABI info failed to compile with the following output:
Change Dir: /home/csteudin/code/github-repos/CUB3D-42/build/CMakeFiles/CMakeTmp

Run Build Command(s):/usr/bin/gmake -f Makefile cmTC_11d23/fast && /usr/bin/gmake  -f CMakeFiles/cmTC_11d23.dir/build.make CMakeFiles/cmTC_11d23.dir/build
gmake[1]: Entering directory '/home/csteudin/code/github-repos/CUB3D-42/build/CMakeFiles/CMakeTmp'
Building CXX object CMakeFiles/cmTC_11d23.dir/CMakeCXXCompilerABI.cpp.o
/usr/bin/clang-cl-12    -o CMakeFiles/cmTC_11d23.dir/CMakeCXXCompilerABI.cpp.o -c /usr/share/cmake-3.22/Modules/CMakeCXXCompilerABI.cpp
Linking CXX executable cmTC_11d23
/usr/bin/cmake -E cmake_link_script CMakeFiles/cmTC_11d23.dir/link.txt --verbose=1
/usr/bin/clang-cl-12 CMakeFiles/cmTC_11d23.dir/CMakeCXXCompilerABI.cpp.o -o cmTC_11d23 
/usr/bin/ld: Error: unable to disambiguate: -nologo (did you mean --nologo ?)
clang: error: linker command failed with exit code 1 (use -v to see invocation)
gmake[1]: *** [CMakeFiles/cmTC_11d23.dir/build.make:99: cmTC_11d23] Error 1
gmake[1]: Leaving directory '/home/csteudin/code/github-repos/CUB3D-42/build/CMakeFiles/CMakeTmp'
gmake: *** [Makefile:127: cmTC_11d23/fast] Error 2




Determining if the CXX compiler works failed with the following output:
Change Dir: /home/csteudin/code/github-repos/CUB3D-42/build/CMakeFiles/CMakeTmp

Run Build Command(s):/usr/bin/gmake -f Makefile cmTC_9f95a/fast && /usr/bin/gmake  -f CMakeFiles/cmTC_9f95a.dir/build.make CMakeFiles/cmTC_9f95a.dir/build
gmake[1]: Entering directory '/home/csteudin/code/github-repos/CUB3D-42/build/CMakeFiles/CMakeTmp'
Building CXX object CMakeFiles/cmTC_9f95a.dir/testCXXCompiler.cxx.o
/usr/bin/clang-cl-12    -o CMakeFiles/cmTC_9f95a.dir/testCXXCompiler.cxx.o -c /home/csteudin/code/github-repos/CUB3D-42/build/CMakeFiles/CMakeTmp/testCXXCompiler.cxx
Linking CXX executable cmTC_9f95a
/usr/bin/cmake -E cmake_link_script CMakeFiles/cmTC_9f95a.dir/link.txt --verbose=1
/usr/bin/clang-cl-12 CMakeFiles/cmTC_9f95a.dir/testCXXCompiler.cxx.o -o cmTC_9f95a 
/usr/bin/ld: Error: unable to disambiguate: -nologo (did you mean --nologo ?)
clang: error: linker command failed with exit code 1 (use -v to see invocation)
gmake[1]: *** [CMakeFiles/cmTC_9f95a.dir/build.make:99: cmTC_9f95a] Error 1
gmake[1]: Leaving directory '/home/csteudin/code/github-repos/CUB3D-42/build/CMakeFiles/CMakeTmp'
gmake: *** [Makefile:127: cmTC_9f95a/fast] Error 2



Compiling the CXX compiler identification source file "CMakeCXXCompilerId.cpp" failed.
Compiler: /usr/bin/clang-cl-12 
Build flags: 
Id flags:  

The output was:
1
/usr/bin/ld: Error: unable to disambiguate: -nologo (did you mean --nologo ?)
clang: error: linker command failed with exit code 1 (use -v to see invocation)


Detecting CXX compiler ABI info failed to compile with the following output:
Change Dir: /home/csteudin/code/github-repos/CUB3D-42/build/CMakeFiles/CMakeTmp

Run Build Command(s):/usr/bin/gmake -f Makefile cmTC_f7d08/fast && /usr/bin/gmake  -f CMakeFiles/cmTC_f7d08.dir/build.make CMakeFiles/cmTC_f7d08.dir/build
gmake[1]: Entering directory '/home/csteudin/code/github-repos/CUB3D-42/build/CMakeFiles/CMakeTmp'
Building CXX object CMakeFiles/cmTC_f7d08.dir/CMakeCXXCompilerABI.cpp.o
/usr/bin/clang-cl-12    -o CMakeFiles/cmTC_f7d08.dir/CMakeCXXCompilerABI.cpp.o -c /usr/share/cmake-3.22/Modules/CMakeCXXCompilerABI.cpp
Linking CXX executable cmTC_f7d08
/usr/bin/cmake -E cmake_link_script CMakeFiles/cmTC_f7d08.dir/link.txt --verbose=1
/usr/bin/clang-cl-12 CMakeFiles/cmTC_f7d08.dir/CMakeCXXCompilerABI.cpp.o -o cmTC_f7d08 
/usr/bin/ld: Error: unable to disambiguate: -nologo (did you mean --nologo ?)
clang: error: linker command failed with exit code 1 (use -v to see invocation)
gmake[1]: *** [CMakeFiles/cmTC_f7d08.dir/build.make:99: cmTC_f7d08] Error 1
gmake[1]: Leaving directory '/home/csteudin/code/github-repos/CUB3D-42/build/CMakeFiles/CMakeTmp'
gmake: *** [Makefile:127: cmTC_f7d08/fast] Error 2




Determining if the CXX compiler works failed with the following output:
Change Dir: /home/csteudin/code/github-repos/CUB3D-42/build/CMakeFiles/CMakeTmp

Run Build Command(s):/usr/bin/gmake -f Makefile cmTC_b86d1/fast && /usr/bin/gmake  -f CMakeFiles/cmTC_b86d1.dir/build.make CMakeFiles/cmTC_b86d1.dir/build
gmake[1]: Entering directory '/home/csteudin/code/github-repos/CUB3D-42/build/CMakeFiles/CMakeTmp'
Building CXX object CMakeFiles/cmTC_b86d1.dir/testCXXCompiler.cxx.o
/usr/bin/clang-cl-12    -o CMakeFiles/cmTC_b86d1.dir/testCXXCompiler.cxx.o -c /home/csteudin/code/github-repos/CUB3D-42/build/CMakeFiles/CMakeTmp/testCXXCompiler.cxx
Linking CXX executable cmTC_b86d1
/usr/bin/cmake -E cmake_link_script CMakeFiles/cmTC_b86d1.dir/link.txt --verbose=1
/usr/bin/clang-cl-12 CMakeFiles/cmTC_b86d1.dir/testCXXCompiler.cxx.o -o cmTC_b86d1 
/usr/bin/ld: Error: unable to disambiguate: -nologo (did you mean --nologo ?)
clang: error: linker command failed with exit code 1 (use -v to see invocation)
gmake[1]: *** [CMakeFiles/cmTC_b86d1.dir/build.make:99: cmTC_b86d1] Error 1
gmake[1]: Leaving directory '/home/csteudin/code/github-repos/CUB3D-42/build/CMakeFiles/CMakeTmp'
gmake: *** [Makefile:127: cmTC_b86d1/fast] Error 2



Compiling the CXX compiler identification source file "CMakeCXXCompilerId.cpp" failed.
Compiler: /usr/bin/clang-cl-12 
Build flags: 
Id flags:  

The output was:
1
/usr/bin/ld: Error: unable to disambiguate: -nologo (did you mean --nologo ?)
clang: error: linker command failed with exit code 1 (use -v to see invocation)


Detecting CXX compiler ABI info failed to compile with the following output:
Change Dir: /home/csteudin/code/github-repos/CUB3D-42/build/CMakeFiles/CMakeTmp

Run Build Command(s):/usr/bin/gmake -f Makefile cmTC_bcf38/fast && /usr/bin/gmake  -f CMakeFiles/cmTC_bcf38.dir/build.make CMakeFiles/cmTC_bcf38.dir/build
gmake[1]: Entering directory '/home/csteudin/code/github-repos/CUB3D-42/build/CMakeFiles/CMakeTmp'
Building CXX object CMakeFiles/cmTC_bcf38.dir/CMakeCXXCompilerABI.cpp.o
/usr/bin/clang-cl-12    -o CMakeFiles/cmTC_bcf38.dir/CMakeCXXCompilerABI.cpp.o -c /usr/share/cmake-3.22/Modules/CMakeCXXCompilerABI.cpp
Linking CXX executable cmTC_bcf38
/usr/bin/cmake -E cmake_link_script CMakeFiles/cmTC_bcf38.dir/link.txt --verbose=1
/usr/bin/clang-cl-12 CMakeFiles/cmTC_bcf38.dir/CMakeCXXCompilerABI.cpp.o -o cmTC_bcf38 
/usr/bin/ld: Error: unable to disambiguate: -nologo (did you mean --nologo ?)
clang: error: linker command failed with exit code 1 (use -v to see invocation)
gmake[1]: *** [CMakeFiles/cmTC_bcf38.dir/build.make:99: cmTC_bcf38] Error 1
gmake[1]: Leaving directory '/home/csteudin/code/github-repos/CUB3D-42/build/CMakeFiles/CMakeTmp'
gmake: *** [Makefile:127: cmTC_bcf38/fast] Error 2




Determining if the CXX compiler works failed with the following output:
Change Dir: /home/csteudin/code/github-repos/CUB3D-42/build/CMakeFiles/CMakeTmp

Run Build Command(s):/usr/bin/gmake -f Makefile cmTC_20a25/fast && /usr/bin/gmake  -f CMakeFiles/cmTC_20a25.dir/build.make CMakeFiles/cmTC_20a25.dir/build
gmake[1]: Entering directory '/home/csteudin/code/github-repos/CUB3D-42/build/CMakeFiles/CMakeTmp'
Building CXX object CMakeFiles/cmTC_20a25.dir/testCXXCompiler.cxx.o
/usr/bin/clang-cl-12    -o CMakeFiles/cmTC_20a25.dir/testCXXCompiler.cxx.o -c /home/csteudin/code/github-repos/CUB3D-42/build/CMakeFiles/CMakeTmp/testCXXCompiler.cxx
Linking CXX executable cmTC_20a25
/usr/bin/cmake -E cmake_link_script CMakeFiles/cmTC_20a25.dir/link.txt --verbose=1
/usr/bin/clang-cl-12 CMakeFiles/cmTC_20a25.dir/testCXXCompiler.cxx.o -o cmTC_20a25 
/usr/bin/ld: Error: unable to disambiguate: -nologo (did you mean --nologo ?)
clang: error: linker command failed with exit code 1 (use -v to see invocation)
gmake[1]: *** [CMakeFiles/cmTC_20a25.dir/build.make:99: cmTC_20a25] Error 1
gmake[1]: Leaving directory '/home/csteudin/code/github-repos/CUB3D-42/build/CMakeFiles/CMakeTmp'
gmake: *** [Makefile:127: cmTC_20a25/fast] Error 2



Compiling the CXX compiler identification source file "CMakeCXXCompilerId.cpp" failed.
Compiler: /usr/bin/clang-cl-12 
Build flags: 
Id flags:  

The output was:
1
/usr/bin/ld: Error: unable to disambiguate: -nologo (did you mean --nologo ?)
clang: error: linker command failed with exit code 1 (use -v to see invocation)


Detecting CXX compiler ABI info failed to compile with the following output:
Change Dir: /home/csteudin/code/github-repos/CUB3D-42/build/CMakeFiles/CMakeTmp

Run Build Command(s):/usr/bin/gmake -f Makefile cmTC_19a58/fast && /usr/bin/gmake  -f CMakeFiles/cmTC_19a58.dir/build.make CMakeFiles/cmTC_19a58.dir/build
gmake[1]: Entering directory '/home/csteudin/code/github-repos/CUB3D-42/build/CMakeFiles/CMakeTmp'
Building CXX object CMakeFiles/cmTC_19a58.dir/CMakeCXXCompilerABI.cpp.o
/usr/bin/clang-cl-12    -o CMakeFiles/cmTC_19a58.dir/CMakeCXXCompilerABI.cpp.o -c /usr/share/cmake-3.22/Modules/CMakeCXXCompilerABI.cpp
Linking CXX executable cmTC_19a58
/usr/bin/cmake -E cmake_link_script CMakeFiles/cmTC_19a58.dir/link.txt --verbose=1
/usr/bin/clang-cl-12 CMakeFiles/cmTC_19a58.dir/CMakeCXXCompilerABI.cpp.o -o cmTC_19a58 
/usr/bin/ld: Error: unable to disambiguate: -nologo (did you mean --nologo ?)
clang: error: linker command failed with exit code 1 (use -v to see invocation)
gmake[1]: *** [CMakeFiles/cmTC_19a58.dir/build.make:99: cmTC_19a58] Error 1
gmake[1]: Leaving directory '/home/csteudin/code/github-repos/CUB3D-42/build/CMakeFiles/CMakeTmp'
gmake: *** [Makefile:127: cmTC_19a58/fast] Error 2




Determining if the CXX compiler works failed with the following output:
Change Dir: /home/csteudin/code/github-repos/CUB3D-42/build/CMakeFiles/CMakeTmp

Run Build Command(s):/usr/bin/gmake -f Makefile cmTC_98a92/fast && /usr/bin/gmake  -f CMakeFiles/cmTC_98a92.dir/build.make CMakeFiles/cmTC_98a92.dir/build
gmake[1]: Entering directory '/home/csteudin/code/github-repos/CUB3D-42/build/CMakeFiles/CMakeTmp'
Building CXX object CMakeFiles/cmTC_98a92.dir/testCXXCompiler.cxx.o
/usr/bin/clang-cl-12    -o CMakeFiles/cmTC_98a92.dir/testCXXCompiler.cxx.o -c /home/csteudin/code/github-repos/CUB3D-42/build/CMakeFiles/CMakeTmp/testCXXCompiler.cxx
Linking CXX executable cmTC_98a92
/usr/bin/cmake -E cmake_link_script CMakeFiles/cmTC_98a92.dir/link.txt --verbose=1
/usr/bin/clang-cl-12 CMakeFiles/cmTC_98a92.dir/testCXXCompiler.cxx.o -o cmTC_98a92 
/usr/bin/ld: Error: unable to disambiguate: -nologo (did you mean --nologo ?)
clang: error: linker command failed with exit code 1 (use -v to see invocation)
gmake[1]: *** [CMakeFiles/cmTC_98a92.dir/build.make:99: cmTC_98a92] Error 1
gmake[1]: Leaving directory '/home/csteudin/code/github-repos/CUB3D-42/build/CMakeFiles/CMakeTmp'
gmake: *** [Makefile:127: cmTC_98a92/fast] Error 2



Compiling the CXX compiler identification source file "CMakeCXXCompilerId.cpp" failed.
Compiler: /usr/bin/clang-cl-12 
Build flags: 
Id flags:  

The output was:
1
/usr/bin/ld: Error: unable to disambiguate: -nologo (did you mean --nologo ?)
clang: error: linker command failed with exit code 1 (use -v to see invocation)


Detecting CXX compiler ABI info failed to compile with the following output:
Change Dir: /home/csteudin/code/github-repos/CUB3D-42/build/CMakeFiles/CMakeTmp

Run Build Command(s):/usr/bin/gmake -f Makefile cmTC_053f6/fast && /usr/bin/gmake  -f CMakeFiles/cmTC_053f6.dir/build.make CMakeFiles/cmTC_053f6.dir/build
gmake[1]: Entering directory '/home/csteudin/code/github-repos/CUB3D-42/build/CMakeFiles/CMakeTmp'
Building CXX object CMakeFiles/cmTC_053f6.dir/CMakeCXXCompilerABI.cpp.o
/usr/bin/clang-cl-12    -o CMakeFiles/cmTC_053f6.dir/CMakeCXXCompilerABI.cpp.o -c /usr/share/cmake-3.22/Modules/CMakeCXXCompilerABI.cpp
Linking CXX executable cmTC_053f6
/usr/bin/cmake -E cmake_link_script CMakeFiles/cmTC_053f6.dir/link.txt --verbose=1
/usr/bin/clang-cl-12 CMakeFiles/cmTC_053f6.dir/CMakeCXXCompilerABI.cpp.o -o cmTC_053f6 
/usr/bin/ld: Error: unable to disambiguate: -nologo (did you mean --nologo ?)
clang: error: linker command failed with exit code 1 (use -v to see invocation)
gmake[1]: *** [CMakeFiles/cmTC_053f6.dir/build.make:99: cmTC_053f6] Error 1
gmake[1]: Leaving directory '/home/csteudin/code/github-repos/CUB3D-42/build/CMakeFiles/CMakeTmp'
gmake: *** [Makefile:127: cmTC_053f6/fast] Error 2




Determining if the CXX compiler works failed with the following output:
Change Dir: /home/csteudin/code/github-repos/CUB3D-42/build/CMakeFiles/CMakeTmp

Run Build Command(s):/usr/bin/gmake -f Makefile cmTC_64a77/fast && /usr/bin/gmake  -f CMakeFiles/cmTC_64a77.dir/build.make CMakeFiles/cmTC_64a77.dir/build
gmake[1]: Entering directory '/home/csteudin/code/github-repos/CUB3D-42/build/CMakeFiles/CMakeTmp'
Building CXX object CMakeFiles/cmTC_64a77.dir/testCXXCompiler.cxx.o
/usr/bin/clang-cl-12    -o CMakeFiles/cmTC_64a77.dir/testCXXCompiler.cxx.o -c /home/csteudin/code/github-repos/CUB3D-42/build/CMakeFiles/CMakeTmp/testCXXCompiler.cxx
Linking CXX executable cmTC_64a77
/usr/bin/cmake -E cmake_link_script CMakeFiles/cmTC_64a77.dir/link.txt --verbose=1
/usr/bin/clang-cl-12 CMakeFiles/cmTC_64a77.dir/testCXXCompiler.cxx.o -o cmTC_64a77 
/usr/bin/ld: Error: unable to disambiguate: -nologo (did you mean --nologo ?)
clang: error: linker command failed with exit code 1 (use -v to see invocation)
gmake[1]: *** [CMakeFiles/cmTC_64a77.dir/build.make:99: cmTC_64a77] Error 1
gmake[1]: Leaving directory '/home/csteudin/code/github-repos/CUB3D-42/build/CMakeFiles/CMakeTmp'
gmake: *** [Makefile:127: cmTC_64a77/fast] Error 2



Compiling the CXX compiler identification source file "CMakeCXXCompilerId.cpp" failed.
Compiler: /usr/bin/clang-cl-12 
Build flags: 
Id flags:  

The output was:
1
/usr/bin/ld: Error: unable to disambiguate: -nologo (did you mean --nologo ?)
clang: error: linker command failed with exit code 1 (use -v to see invocation)


Detecting CXX compiler ABI info failed to compile with the following output:
Change Dir: /home/csteudin/code/github-repos/CUB3D-42/build/CMakeFiles/CMakeTmp

Run Build Command(s):/usr/bin/gmake -f Makefile cmTC_f3e93/fast && /usr/bin/gmake  -f CMakeFiles/cmTC_f3e93.dir/build.make CMakeFiles/cmTC_f3e93.dir/build
gmake[1]: Entering directory '/home/csteudin/code/github-repos/CUB3D-42/build/CMakeFiles/CMakeTmp'
Building CXX object CMakeFiles/cmTC_f3e93.dir/CMakeCXXCompilerABI.cpp.o
/usr/bin/clang-cl-12    -o CMakeFiles/cmTC_f3e93.dir/CMakeCXXCompilerABI.cpp.o -c /usr/share/cmake-3.22/Modules/CMakeCXXCompilerABI.cpp
Linking CXX executable cmTC_f3e93
/usr/bin/cmake -E cmake_link_script CMakeFiles/cmTC_f3e93.dir/link.txt --verbose=1
/usr/bin/clang-cl-12 CMakeFiles/cmTC_f3e93.dir/CMakeCXXCompilerABI.cpp.o -o cmTC_f3e93 
/usr/bin/ld: Error: unable to disambiguate: -nologo (did you mean --nologo ?)
clang: error: linker command failed with exit code 1 (use -v to see invocation)
gmake[1]: *** [CMakeFiles/cmTC_f3e93.dir/build.make:99: cmTC_f3e93] Error 1
gmake[1]: Leaving directory '/home/csteudin/code/github-repos/CUB3D-42/build/CMakeFiles/CMakeTmp'
gmake: *** [Makefile:127: cmTC_f3e93/fast] Error 2




Determining if the CXX compiler works failed with the following output:
Change Dir: /home/csteudin/code/github-repos/CUB3D-42/build/CMakeFiles/CMakeTmp

Run Build Command(s):/usr/bin/gmake -f Makefile cmTC_ba7c8/fast && /usr/bin/gmake  -f CMakeFiles/cmTC_ba7c8.dir/build.make CMakeFiles/cmTC_ba7c8.dir/build
gmake[1]: Entering directory '/home/csteudin/code/github-repos/CUB3D-42/build/CMakeFiles/CMakeTmp'
Building CXX object CMakeFiles/cmTC_ba7c8.dir/testCXXCompiler.cxx.o
/usr/bin/clang-cl-12    -o CMakeFiles/cmTC_ba7c8.dir/testCXXCompiler.cxx.o -c /home/csteudin/code/github-repos/CUB3D-42/build/CMakeFiles/CMakeTmp/testCXXCompiler.cxx
Linking CXX executable cmTC_ba7c8
/usr/bin/cmake -E cmake_link_script CMakeFiles/cmTC_ba7c8.dir/link.txt --verbose=1
/usr/bin/clang-cl-12 CMakeFiles/cmTC_ba7c8.dir/testCXXCompiler.cxx.o -o cmTC_ba7c8 
/usr/bin/ld: Error: unable to disambiguate: -nologo (did you mean --nologo ?)
clang: error: linker command failed with exit code 1 (use -v to see invocation)
gmake[1]: *** [CMakeFiles/cmTC_ba7c8.dir/build.make:99: cmTC_ba7c8] Error 1
gmake[1]: Leaving directory '/home/csteudin/code/github-repos/CUB3D-42/build/CMakeFiles/CMakeTmp'
gmake: *** [Makefile:127: cmTC_ba7c8/fast] Error 2



